---
source: tui/src/bottom_pane/footer.rs
expression: terminal.backend()
---
"⏎ send   ⌃J newline   ⌃T transcript   ⌃C quit                                   "
"                                                                                "
"                                                                                "
