---
source: tui/src/chatwidget/tests.rs
expression: terminal.backend()
---
"                                                                                "
"▌ The model wants to apply changes                                              "
"▌                                                                               "
"▌ Grant write access to /tmp for the remainder of this session.                 "
"▌                                                                               "
"▌ Apply changes?                                                                "
"▌                                                                               "
"▌ > 1. Approve  (Y) Apply the proposed changes                                  "
"▌   2. Cancel   (N) Do not apply the changes                                    "
"                                                                                "
"Press Enter to confirm or Esc to cancel                                         "
"                                                                                "
